fnwekjgibirelqg stuff
